// Jest Snapshot v1, https://goo.gl/fbAQLP

exports[`Episode page Load without crashing 1`] = `
<div>
  Loading
</div>
`;
