// Jest Snapshot v1, https://goo.gl/fbAQLP

exports[`Starship page Renders loader 1`] = `
Array [
  <div>
    Loading
  </div>,
  ",",
]
`;

exports[`Starship page Renders mock data 1`] = `
Array [
  <p>
    Data
  </p>,
  ",",
]
`;
